<testsuites id="" name="" tests="25" failures="0" skipped="25" errors="0" time="0.035635999999999966">
<testsuite name="auth.spec.ts" timestamp="2025-10-16T00:06:27.640Z" hostname="chromium" tests="5" failures="0" skipped="5" time="0" errors="0">
<testcase name="Authentication Flow › should display login form on homepage" classname="auth.spec.ts" time="0">
<skipped>
</skipped>
</testcase>
<testcase name="Authentication Flow › should switch to register form" classname="auth.spec.ts" time="0">
<skipped>
</skipped>
</testcase>
<testcase name="Authentication Flow › should validate form fields" classname="auth.spec.ts" time="0">
<skipped>
</skipped>
</testcase>
<testcase name="Authentication Flow › should navigate to dashboard after successful login" classname="auth.spec.ts" time="0">
<skipped>
</skipped>
</testcase>
<testcase name="Flashcard Generation › should generate flashcards from text input" classname="auth.spec.ts" time="0">
<skipped>
</skipped>
</testcase>
</testsuite>
<testsuite name="auth.spec.ts" timestamp="2025-10-16T00:06:27.640Z" hostname="firefox" tests="5" failures="0" skipped="5" time="0" errors="0">
<testcase name="Authentication Flow › should display login form on homepage" classname="auth.spec.ts" time="0">
<skipped>
</skipped>
</testcase>
<testcase name="Authentication Flow › should switch to register form" classname="auth.spec.ts" time="0">
<skipped>
</skipped>
</testcase>
<testcase name="Authentication Flow › should validate form fields" classname="auth.spec.ts" time="0">
<skipped>
</skipped>
</testcase>
<testcase name="Authentication Flow › should navigate to dashboard after successful login" classname="auth.spec.ts" time="0">
<skipped>
</skipped>
</testcase>
<testcase name="Flashcard Generation › should generate flashcards from text input" classname="auth.spec.ts" time="0">
<skipped>
</skipped>
</testcase>
</testsuite>
<testsuite name="auth.spec.ts" timestamp="2025-10-16T00:06:27.640Z" hostname="webkit" tests="5" failures="0" skipped="5" time="0" errors="0">
<testcase name="Authentication Flow › should display login form on homepage" classname="auth.spec.ts" time="0">
<skipped>
</skipped>
</testcase>
<testcase name="Authentication Flow › should switch to register form" classname="auth.spec.ts" time="0">
<skipped>
</skipped>
</testcase>
<testcase name="Authentication Flow › should validate form fields" classname="auth.spec.ts" time="0">
<skipped>
</skipped>
</testcase>
<testcase name="Authentication Flow › should navigate to dashboard after successful login" classname="auth.spec.ts" time="0">
<skipped>
</skipped>
</testcase>
<testcase name="Flashcard Generation › should generate flashcards from text input" classname="auth.spec.ts" time="0">
<skipped>
</skipped>
</testcase>
</testsuite>
<testsuite name="auth.spec.ts" timestamp="2025-10-16T00:06:27.640Z" hostname="Mobile Chrome" tests="5" failures="0" skipped="5" time="0" errors="0">
<testcase name="Authentication Flow › should display login form on homepage" classname="auth.spec.ts" time="0">
<skipped>
</skipped>
</testcase>
<testcase name="Authentication Flow › should switch to register form" classname="auth.spec.ts" time="0">
<skipped>
</skipped>
</testcase>
<testcase name="Authentication Flow › should validate form fields" classname="auth.spec.ts" time="0">
<skipped>
</skipped>
</testcase>
<testcase name="Authentication Flow › should navigate to dashboard after successful login" classname="auth.spec.ts" time="0">
<skipped>
</skipped>
</testcase>
<testcase name="Flashcard Generation › should generate flashcards from text input" classname="auth.spec.ts" time="0">
<skipped>
</skipped>
</testcase>
</testsuite>
<testsuite name="auth.spec.ts" timestamp="2025-10-16T00:06:27.640Z" hostname="Mobile Safari" tests="5" failures="0" skipped="5" time="0" errors="0">
<testcase name="Authentication Flow › should display login form on homepage" classname="auth.spec.ts" time="0">
<skipped>
</skipped>
</testcase>
<testcase name="Authentication Flow › should switch to register form" classname="auth.spec.ts" time="0">
<skipped>
</skipped>
</testcase>
<testcase name="Authentication Flow › should validate form fields" classname="auth.spec.ts" time="0">
<skipped>
</skipped>
</testcase>
<testcase name="Authentication Flow › should navigate to dashboard after successful login" classname="auth.spec.ts" time="0">
<skipped>
</skipped>
</testcase>
<testcase name="Flashcard Generation › should generate flashcards from text input" classname="auth.spec.ts" time="0">
<skipped>
</skipped>
</testcase>
</testsuite>
</testsuites>